WARNING: A restricted method in java.lang.System has been called
WARNING: java.lang.System::load has been called by org.fusesource.jansi.internal.JansiLoader in an unnamed module (file:/opt/homebrew/Cellar/maven/3.9.8/libexec/lib/jansi-2.4.1.jar)
WARNING: Use --enable-native-access=ALL-UNNAMED to avoid a warning for callers in this module
WARNING: Restricted methods will be blocked in a future release unless native access is enabled

WARNING: A terminally deprecated method in sun.misc.Unsafe has been called
WARNING: sun.misc.Unsafe::objectFieldOffset has been called by com.google.common.util.concurrent.AbstractFuture$UnsafeAtomicHelper (file:/opt/homebrew/Cellar/maven/3.9.8/libexec/lib/guava-33.2.1-jre.jar)
WARNING: Please consider reporting this to the maintainers of class com.google.common.util.concurrent.AbstractFuture$UnsafeAtomicHelper
WARNING: sun.misc.Unsafe::objectFieldOffset will be removed in a future release
[INFO] Scanning for projects...
[INFO] 
[INFO] ----------------< com.github.sergiooliveirabr:Mini-ERP >----------------
[INFO] Building Mini-ERP 0.0.1-SNAPSHOT
[INFO]   from pom.xml
[INFO] --------------------------------[ jar ]---------------------------------
[INFO] 
[INFO] --- clean:3.4.1:clean (default-clean) @ Mini-ERP ---
[INFO] Deleting /Users/sergiovinicio/Documents/GitHub/Mini-ERP/target
[INFO] 
[INFO] >>> native:0.10.6:compile (default-cli) > package @ Mini-ERP >>>
[INFO] 
[INFO] --- resources:3.3.1:resources (default-resources) @ Mini-ERP ---
[INFO] Copying 2 resources from src/main/resources to target/classes
[INFO] Copying 3 resources from src/main/resources to target/classes
[INFO] 
[INFO] --- compiler:3.14.0:compile (default-compile) @ Mini-ERP ---
[INFO] Recompiling the module because of changed source code.
[INFO] Compiling 8 source files with javac [debug parameters release 17] to target/classes
[INFO] 
[INFO] --- resources:3.3.1:testResources (default-testResources) @ Mini-ERP ---
[INFO] Copying 1 resource from src/test/resources to target/test-classes
[INFO] 
[INFO] --- compiler:3.14.0:testCompile (default-testCompile) @ Mini-ERP ---
[INFO] Recompiling the module because of changed dependency.
[INFO] Compiling 2 source files with javac [debug parameters release 17] to target/test-classes
[INFO] 
[INFO] --- surefire:3.5.4:test (default-test) @ Mini-ERP ---
[INFO] Using auto detected provider org.apache.maven.surefire.junitplatform.JUnitPlatformProvider
[INFO] 
[INFO] -------------------------------------------------------
[INFO]  T E S T S
[INFO] -------------------------------------------------------
[INFO] Running com.github.sergiooliveirabr.minierp.MiniErpApplicationTests
22:08:43.591 [main] INFO org.springframework.test.context.support.AnnotationConfigContextLoaderUtils -- Could not detect default configuration classes for test class [com.github.sergiooliveirabr.minierp.MiniErpApplicationTests]: MiniErpApplicationTests does not declare any static, non-private, non-final, nested classes annotated with @Configuration.
22:08:43.642 [main] INFO org.springframework.boot.test.context.SpringBootTestContextBootstrapper -- Found @SpringBootConfiguration com.github.sergiooliveirabr.minierp.MiniErpApplication for test class com.github.sergiooliveirabr.minierp.MiniErpApplicationTests

  .   ____          _            __ _ _
 /\\ / ___'_ __ _ _(_)_ __  __ _ \ \ \ \
( ( )\___ | '_ | '_| | '_ \/ _` | \ \ \ \
 \\/  ___)| |_)| | | | | || (_| |  ) ) ) )
  '  |____| .__|_| |_|_| |_\__, | / / / /
 =========|_|==============|___/=/_/_/_/

 :: Spring Boot ::                (v3.5.6)

2026-06-09T22:08:43.816+01:00  INFO 20807 --- [           main] c.g.s.minierp.MiniErpApplicationTests    : Starting MiniErpApplicationTests using Java 25.0.3 with PID 20807 (started by sergiovinicio in /Users/sergiovinicio/Documents/GitHub/Mini-ERP)
2026-06-09T22:08:43.816+01:00  INFO 20807 --- [           main] c.g.s.minierp.MiniErpApplicationTests    : The following 1 profile is active: "test"
2026-06-09T22:08:44.201+01:00  INFO 20807 --- [           main] .s.d.r.c.RepositoryConfigurationDelegate : Bootstrapping Spring Data JPA repositories in DEFAULT mode.
2026-06-09T22:08:44.226+01:00  INFO 20807 --- [           main] .s.d.r.c.RepositoryConfigurationDelegate : Finished Spring Data repository scanning in 20 ms. Found 1 JPA repository interface.
2026-06-09T22:08:44.416+01:00  INFO 20807 --- [           main] com.zaxxer.hikari.HikariDataSource       : HikariPool-1 - Starting...
2026-06-09T22:08:44.509+01:00  INFO 20807 --- [           main] com.zaxxer.hikari.pool.HikariPool        : HikariPool-1 - Added connection conn0: url=jdbc:h2:mem:testdb user=SA
2026-06-09T22:08:44.510+01:00  INFO 20807 --- [           main] com.zaxxer.hikari.HikariDataSource       : HikariPool-1 - Start completed.
2026-06-09T22:08:44.531+01:00  INFO 20807 --- [           main] o.hibernate.jpa.internal.util.LogHelper  : HHH000204: Processing PersistenceUnitInfo [name: default]
2026-06-09T22:08:44.560+01:00  INFO 20807 --- [           main] org.hibernate.Version                    : HHH000412: Hibernate ORM core version 6.6.29.Final
2026-06-09T22:08:44.575+01:00  INFO 20807 --- [           main] o.h.c.internal.RegionFactoryInitiator    : HHH000026: Second-level cache disabled
2026-06-09T22:08:44.695+01:00  INFO 20807 --- [           main] o.s.o.j.p.SpringPersistenceUnitInfo      : No LoadTimeWeaver setup: ignoring JPA class transformer
2026-06-09T22:08:44.716+01:00  WARN 20807 --- [           main] org.hibernate.orm.deprecation            : HHH90000025: H2Dialect does not need to be specified explicitly using 'hibernate.dialect' (remove the property setting and it will be selected by default)
2026-06-09T22:08:44.722+01:00  INFO 20807 --- [           main] org.hibernate.orm.connections.pooling    : HHH10001005: Database info:
	Database JDBC URL [Connecting through datasource 'HikariDataSource (HikariPool-1)']
	Database driver: undefined/unknown
	Database version: 2.3.232
	Autocommit mode: undefined/unknown
	Isolation level: undefined/unknown
	Minimum pool size: undefined/unknown
	Maximum pool size: undefined/unknown
2026-06-09T22:08:45.062+01:00  INFO 20807 --- [           main] o.h.e.t.j.p.i.JtaPlatformInitiator       : HHH000489: No JTA platform available (set 'hibernate.transaction.jta.platform' to enable JTA platform integration)
2026-06-09T22:08:45.077+01:00  INFO 20807 --- [           main] j.LocalContainerEntityManagerFactoryBean : Initialized JPA EntityManagerFactory for persistence unit 'default'
2026-06-09T22:08:45.179+01:00  WARN 20807 --- [           main] JpaBaseConfiguration$JpaWebConfiguration : spring.jpa.open-in-view is enabled by default. Therefore, database queries may be performed during view rendering. Explicitly configure spring.jpa.open-in-view to disable this warning
2026-06-09T22:08:45.197+01:00  WARN 20807 --- [           main] .s.s.UserDetailsServiceAutoConfiguration : 

Using generated security password: 90c76561-9bb4-4c39-9601-fe886a9a177e

This generated password is for development use only. Your security configuration must be updated before running your application in production.

2026-06-09T22:08:45.199+01:00  INFO 20807 --- [           main] r$InitializeUserDetailsManagerConfigurer : Global AuthenticationManager configured with UserDetailsService bean with name inMemoryUserDetailsManager
2026-06-09T22:08:45.308+01:00  INFO 20807 --- [           main] o.s.b.a.w.s.WelcomePageHandlerMapping    : Adding welcome page template: index
2026-06-09T22:08:45.512+01:00  INFO 20807 --- [           main] o.s.b.a.e.web.EndpointLinksResolver      : Exposing 1 endpoint beneath base path '/actuator'
2026-06-09T22:08:45.564+01:00  INFO 20807 --- [           main] c.g.s.minierp.MiniErpApplicationTests    : Started MiniErpApplicationTests in 1.855 seconds (process running for 2.29)
Mockito is currently self-attaching to enable the inline-mock-maker. This will no longer work in future releases of the JDK. Please add Mockito as an agent to your build as described in Mockito's documentation: https://javadoc.io/doc/org.mockito/mockito-core/latest/org.mockito/org/mockito/Mockito.html#0.3
Java HotSpot(TM) 64-Bit Server VM warning: Sharing is only supported for boot loader classes because bootstrap classpath has been appended
WARNING: A Java agent has been loaded dynamically (/Users/sergiovinicio/.m2/repository/net/bytebuddy/byte-buddy-agent/1.17.7/byte-buddy-agent-1.17.7.jar)
WARNING: If a serviceability tool is in use, please run with -XX:+EnableDynamicAgentLoading to hide this warning
WARNING: If a serviceability tool is not in use, please run with -Djdk.instrument.traceUsage for more information
WARNING: Dynamic loading of agents will be disallowed by default in a future release
[INFO] Tests run: 1, Failures: 0, Errors: 0, Skipped: 0, Time elapsed: 2.385 s -- in com.github.sergiooliveirabr.minierp.MiniErpApplicationTests
[INFO] Running com.github.sergiooliveirabr.minierp.ItemServiceTest
2026-06-09T22:08:45.922+01:00  INFO 20807 --- [           main] t.c.s.AnnotationConfigContextLoaderUtils : Could not detect default configuration classes for test class [com.github.sergiooliveirabr.minierp.ItemServiceTest]: ItemServiceTest does not declare any static, non-private, non-final, nested classes annotated with @Configuration.
2026-06-09T22:08:45.925+01:00  INFO 20807 --- [           main] .b.t.c.SpringBootTestContextBootstrapper : Found @SpringBootConfiguration com.github.sergiooliveirabr.minierp.MiniErpApplication for test class com.github.sergiooliveirabr.minierp.ItemServiceTest

  .   ____          _            __ _ _
 /\\ / ___'_ __ _ _(_)_ __  __ _ \ \ \ \
( ( )\___ | '_ | '_| | '_ \/ _` | \ \ \ \
 \\/  ___)| |_)| | | | | || (_| |  ) ) ) )
  '  |____| .__|_| |_|_| |_\__, | / / / /
 =========|_|==============|___/=/_/_/_/

 :: Spring Boot ::                (v3.5.6)

2026-06-09T22:08:45.940+01:00  INFO 20807 --- [           main] c.g.s.minierp.ItemServiceTest            : Starting ItemServiceTest using Java 25.0.3 with PID 20807 (started by sergiovinicio in /Users/sergiovinicio/Documents/GitHub/Mini-ERP)
2026-06-09T22:08:45.940+01:00  INFO 20807 --- [           main] c.g.s.minierp.ItemServiceTest            : No active profile set, falling back to 1 default profile: "default"
2026-06-09T22:08:46.044+01:00  INFO 20807 --- [           main] .s.d.r.c.RepositoryConfigurationDelegate : Bootstrapping Spring Data JPA repositories in DEFAULT mode.
2026-06-09T22:08:46.048+01:00  INFO 20807 --- [           main] .s.d.r.c.RepositoryConfigurationDelegate : Finished Spring Data repository scanning in 3 ms. Found 1 JPA repository interface.
2026-06-09T22:08:46.082+01:00  INFO 20807 --- [           main] com.zaxxer.hikari.HikariDataSource       : HikariPool-2 - Starting...
2026-06-09T22:08:46.084+01:00  INFO 20807 --- [           main] com.zaxxer.hikari.pool.HikariPool        : HikariPool-2 - Added connection conn10: url=jdbc:h2:mem:0f89249e-74d9-4084-bde1-a8df0de851eb user=SA
2026-06-09T22:08:46.084+01:00  INFO 20807 --- [           main] com.zaxxer.hikari.HikariDataSource       : HikariPool-2 - Start completed.
2026-06-09T22:08:46.084+01:00  INFO 20807 --- [           main] o.hibernate.jpa.internal.util.LogHelper  : HHH000204: Processing PersistenceUnitInfo [name: default]
2026-06-09T22:08:46.086+01:00  INFO 20807 --- [           main] o.h.c.internal.RegionFactoryInitiator    : HHH000026: Second-level cache disabled
2026-06-09T22:08:46.089+01:00  INFO 20807 --- [           main] o.s.o.j.p.SpringPersistenceUnitInfo      : No LoadTimeWeaver setup: ignoring JPA class transformer
2026-06-09T22:08:46.099+01:00  INFO 20807 --- [           main] org.hibernate.orm.connections.pooling    : HHH10001005: Database info:
	Database JDBC URL [Connecting through datasource 'HikariDataSource (HikariPool-2)']
	Database driver: undefined/unknown
	Database version: 2.3.232
	Autocommit mode: undefined/unknown
	Isolation level: undefined/unknown
	Minimum pool size: undefined/unknown
	Maximum pool size: undefined/unknown
2026-06-09T22:08:46.130+01:00  INFO 20807 --- [           main] o.h.e.t.j.p.i.JtaPlatformInitiator       : HHH000489: No JTA platform available (set 'hibernate.transaction.jta.platform' to enable JTA platform integration)
2026-06-09T22:08:46.132+01:00  INFO 20807 --- [           main] j.LocalContainerEntityManagerFactoryBean : Initialized JPA EntityManagerFactory for persistence unit 'default'
2026-06-09T22:08:46.151+01:00  WARN 20807 --- [           main] JpaBaseConfiguration$JpaWebConfiguration : spring.jpa.open-in-view is enabled by default. Therefore, database queries may be performed during view rendering. Explicitly configure spring.jpa.open-in-view to disable this warning
2026-06-09T22:08:46.156+01:00  WARN 20807 --- [           main] .s.s.UserDetailsServiceAutoConfiguration : 

Using generated security password: 470b01ff-f29e-4211-a39c-f5c37a8bdab9

This generated password is for development use only. Your security configuration must be updated before running your application in production.

2026-06-09T22:08:46.156+01:00  INFO 20807 --- [           main] r$InitializeUserDetailsManagerConfigurer : Global AuthenticationManager configured with UserDetailsService bean with name inMemoryUserDetailsManager
2026-06-09T22:08:46.176+01:00  INFO 20807 --- [           main] o.s.b.a.w.s.WelcomePageHandlerMapping    : Adding welcome page template: index
2026-06-09T22:08:46.224+01:00  INFO 20807 --- [           main] o.s.b.a.e.web.EndpointLinksResolver      : Exposing 1 endpoint beneath base path '/actuator'
2026-06-09T22:08:46.237+01:00  INFO 20807 --- [           main] c.g.s.minierp.ItemServiceTest            : Started ItemServiceTest in 0.309 seconds (process running for 2.963)
[INFO] Tests run: 5, Failures: 0, Errors: 0, Skipped: 0, Time elapsed: 0.574 s -- in com.github.sergiooliveirabr.minierp.ItemServiceTest
[INFO] 
[INFO] Results:
[INFO] 
[INFO] Tests run: 6, Failures: 0, Errors: 0, Skipped: 0
[INFO] 
[INFO] 
[INFO] --- jar:3.4.2:jar (default-jar) @ Mini-ERP ---
[INFO] Building jar: /Users/sergiovinicio/Documents/GitHub/Mini-ERP/target/Mini-ERP-0.0.1-SNAPSHOT.jar
[INFO] 
[INFO] --- spring-boot:3.5.6:repackage (repackage) @ Mini-ERP ---
[INFO] Replacing main artifact /Users/sergiovinicio/Documents/GitHub/Mini-ERP/target/Mini-ERP-0.0.1-SNAPSHOT.jar with repackaged archive, adding nested dependencies in BOOT-INF/.
[INFO] The original artifact has been renamed to /Users/sergiovinicio/Documents/GitHub/Mini-ERP/target/Mini-ERP-0.0.1-SNAPSHOT.jar.original
[INFO] 
[INFO] <<< native:0.10.6:compile (default-cli) < package @ Mini-ERP <<<
[INFO] 
[INFO] 
[INFO] --- native:0.10.6:compile (default-cli) @ Mini-ERP ---
[INFO] Found GraalVM installation from JAVA_HOME variable.
[INFO] Downloaded GraalVM reachability metadata repository from file:/Users/sergiovinicio/.m2/repository/org/graalvm/buildtools/graalvm-reachability-metadata/0.10.6/graalvm-reachability-metadata-0.10.6-repository.zip
[INFO] [graalvm reachability metadata repository for ch.qos.logback:logback-classic:1.5.18]: Configuration directory not found. Trying latest version.
[INFO] [graalvm reachability metadata repository for ch.qos.logback:logback-classic:1.5.18]: Configuration directory is ch.qos.logback/logback-classic/1.4.9
[INFO] [graalvm reachability metadata repository for com.fasterxml.jackson.core:jackson-databind:2.19.2]: Configuration directory not found. Trying latest version.
[INFO] [graalvm reachability metadata repository for com.fasterxml.jackson.core:jackson-databind:2.19.2]: Configuration directory is com.fasterxml.jackson.core/jackson-databind/2.15.2
[INFO] [graalvm reachability metadata repository for org.hdrhistogram:HdrHistogram:2.2.2]: Configuration directory not found. Trying latest version.
[INFO] [graalvm reachability metadata repository for org.hdrhistogram:HdrHistogram:2.2.2]: Configuration directory is org.hdrhistogram/HdrHistogram/2.1.12
[INFO] [graalvm reachability metadata repository for com.zaxxer:HikariCP:6.3.3]: Configuration directory not found. Trying latest version.
[INFO] [graalvm reachability metadata repository for com.zaxxer:HikariCP:6.3.3]: Configuration directory is com.zaxxer/HikariCP/5.0.1
[INFO] [graalvm reachability metadata repository for org.hibernate.orm:hibernate-core:6.6.29.Final]: Configuration directory not found. Trying latest version.
[INFO] [graalvm reachability metadata repository for org.hibernate.orm:hibernate-core:6.6.29.Final]: Configuration directory is org.hibernate.orm/hibernate-core/6.6.0.Final
[INFO] [graalvm reachability metadata repository for org.jboss.logging:jboss-logging:3.6.1.Final]: Configuration directory not found. Trying latest version.
[INFO] [graalvm reachability metadata repository for org.jboss.logging:jboss-logging:3.6.1.Final]: Configuration directory is org.jboss.logging/jboss-logging/3.5.0.Final
[INFO] [graalvm reachability metadata repository for org.glassfish.jaxb:jaxb-runtime:4.0.5]: Configuration directory not found. Trying latest version.
[INFO] [graalvm reachability metadata repository for org.glassfish.jaxb:jaxb-runtime:4.0.5]: Configuration directory is org.glassfish.jaxb/jaxb-runtime/3.0.2
[INFO] [graalvm reachability metadata repository for org.thymeleaf:thymeleaf-spring6:3.1.3.RELEASE]: Configuration directory not found. Trying latest version.
[INFO] [graalvm reachability metadata repository for org.thymeleaf:thymeleaf-spring6:3.1.3.RELEASE]: Configuration directory is org.thymeleaf/thymeleaf-spring6/3.1.0.M2
[INFO] [graalvm reachability metadata repository for org.thymeleaf:thymeleaf:3.1.3.RELEASE]: Configuration directory not found. Trying latest version.
[INFO] [graalvm reachability metadata repository for org.thymeleaf:thymeleaf:3.1.3.RELEASE]: Configuration directory is org.thymeleaf/thymeleaf/3.1.0.RC1
[INFO] [graalvm reachability metadata repository for org.apache.tomcat.embed:tomcat-embed-core:10.1.46]: Configuration directory not found. Trying latest version.
[INFO] [graalvm reachability metadata repository for org.apache.tomcat.embed:tomcat-embed-core:10.1.46]: Configuration directory is org.apache.tomcat.embed/tomcat-embed-core/10.0.20
[INFO] [graalvm reachability metadata repository for org.postgresql:postgresql:42.7.7]: Configuration directory not found. Trying latest version.
[INFO] [graalvm reachability metadata repository for org.postgresql:postgresql:42.7.7]: Configuration directory is org.postgresql/postgresql/42.7.3
[INFO] [graalvm reachability metadata repository for org.hibernate.validator:hibernate-validator:8.0.3.Final]: Configuration directory not found. Trying latest version.
[INFO] [graalvm reachability metadata repository for org.hibernate.validator:hibernate-validator:8.0.3.Final]: Configuration directory is org.hibernate.validator/hibernate-validator/7.0.4.Final
[INFO] [graalvm reachability metadata repository for org.hibernate.validator:hibernate-validator:8.0.3.Final]: Configuration directory not found. Trying latest version.
[INFO] [graalvm reachability metadata repository for org.hibernate.validator:hibernate-validator:8.0.3.Final]: Latest version not found!
[INFO] [graalvm reachability metadata repository for org.hibernate.validator:hibernate-validator:8.0.3.Final]: missing.
[INFO] Executing: /Library/Java/JavaVirtualMachines/graalvm-jdk-25.0.3+9.1/Contents/Home/bin/native-image -cp /Users/sergiovinicio/Documents/GitHub/Mini-ERP/target/classes:/Users/sergiovinicio/.m2/repository/org/springframework/boot/spring-boot-starter-actuator/3.5.6/spring-boot-starter-actuator-3.5.6.jar:/Users/sergiovinicio/.m2/repository/org/springframework/boot/spring-boot-starter/3.5.6/spring-boot-starter-3.5.6.jar:/Users/sergiovinicio/.m2/repository/org/springframework/boot/spring-boot/3.5.6/spring-boot-3.5.6.jar:/Users/sergiovinicio/.m2/repository/org/springframework/boot/spring-boot-autoconfigure/3.5.6/spring-boot-autoconfigure-3.5.6.jar:/Users/sergiovinicio/.m2/repository/org/springframework/boot/spring-boot-starter-logging/3.5.6/spring-boot-starter-logging-3.5.6.jar:/Users/sergiovinicio/.m2/repository/ch/qos/logback/logback-classic/1.5.18/logback-classic-1.5.18.jar:/Users/sergiovinicio/.m2/repository/ch/qos/logback/logback-core/1.5.18/logback-core-1.5.18.jar:/Users/sergiovinicio/.m2/repository/org/apache/logging/log4j/log4j-to-slf4j/2.24.3/log4j-to-slf4j-2.24.3.jar:/Users/sergiovinicio/.m2/repository/org/apache/logging/log4j/log4j-api/2.24.3/log4j-api-2.24.3.jar:/Users/sergiovinicio/.m2/repository/org/slf4j/jul-to-slf4j/2.0.17/jul-to-slf4j-2.0.17.jar:/Users/sergiovinicio/.m2/repository/jakarta/annotation/jakarta.annotation-api/2.1.1/jakarta.annotation-api-2.1.1.jar:/Users/sergiovinicio/.m2/repository/org/yaml/snakeyaml/2.4/snakeyaml-2.4.jar:/Users/sergiovinicio/.m2/repository/org/springframework/boot/spring-boot-actuator-autoconfigure/3.5.6/spring-boot-actuator-autoconfigure-3.5.6.jar:/Users/sergiovinicio/.m2/repository/org/springframework/boot/spring-boot-actuator/3.5.6/spring-boot-actuator-3.5.6.jar:/Users/sergiovinicio/.m2/repository/com/fasterxml/jackson/core/jackson-databind/2.19.2/jackson-databind-2.19.2.jar:/Users/sergiovinicio/.m2/repository/com/fasterxml/jackson/core/jackson-annotations/2.19.2/jackson-annotations-2.19.2.jar:/Users/sergiovinicio/.m2/repository/com/fasterxml/jackson/core/jackson-core/2.19.2/jackson-core-2.19.2.jar:/Users/sergiovinicio/.m2/repository/com/fasterxml/jackson/datatype/jackson-datatype-jsr310/2.19.2/jackson-datatype-jsr310-2.19.2.jar:/Users/sergiovinicio/.m2/repository/io/micrometer/micrometer-observation/1.15.4/micrometer-observation-1.15.4.jar:/Users/sergiovinicio/.m2/repository/io/micrometer/micrometer-commons/1.15.4/micrometer-commons-1.15.4.jar:/Users/sergiovinicio/.m2/repository/io/micrometer/micrometer-jakarta9/1.15.4/micrometer-jakarta9-1.15.4.jar:/Users/sergiovinicio/.m2/repository/io/micrometer/micrometer-core/1.15.4/micrometer-core-1.15.4.jar:/Users/sergiovinicio/.m2/repository/org/hdrhistogram/HdrHistogram/2.2.2/HdrHistogram-2.2.2.jar:/Users/sergiovinicio/.m2/repository/org/latencyutils/LatencyUtils/2.0.3/LatencyUtils-2.0.3.jar:/Users/sergiovinicio/.m2/repository/org/springframework/boot/spring-boot-starter-data-jpa/3.5.6/spring-boot-starter-data-jpa-3.5.6.jar:/Users/sergiovinicio/.m2/repository/org/springframework/boot/spring-boot-starter-jdbc/3.5.6/spring-boot-starter-jdbc-3.5.6.jar:/Users/sergiovinicio/.m2/repository/com/zaxxer/HikariCP/6.3.3/HikariCP-6.3.3.jar:/Users/sergiovinicio/.m2/repository/org/springframework/spring-jdbc/6.2.11/spring-jdbc-6.2.11.jar:/Users/sergiovinicio/.m2/repository/org/hibernate/orm/hibernate-core/6.6.29.Final/hibernate-core-6.6.29.Final.jar:/Users/sergiovinicio/.m2/repository/jakarta/persistence/jakarta.persistence-api/3.1.0/jakarta.persistence-api-3.1.0.jar:/Users/sergiovinicio/.m2/repository/jakarta/transaction/jakarta.transaction-api/2.0.1/jakarta.transaction-api-2.0.1.jar:/Users/sergiovinicio/.m2/repository/org/jboss/logging/jboss-logging/3.6.1.Final/jboss-logging-3.6.1.Final.jar:/Users/sergiovinicio/.m2/repository/org/hibernate/common/hibernate-commons-annotations/7.0.3.Final/hibernate-commons-annotations-7.0.3.Final.jar:/Users/sergiovinicio/.m2/repository/io/smallrye/jandex/3.2.0/jandex-3.2.0.jar:/Users/sergiovinicio/.m2/repository/com/fasterxml/classmate/1.7.0/classmate-1.7.0.jar:/Users/sergiovinicio/.m2/repository/net/bytebuddy/byte-buddy/1.17.7/byte-buddy-1.17.7.jar:/Users/sergiovinicio/.m2/repository/org/glassfish/jaxb/jaxb-runtime/4.0.5/jaxb-runtime-4.0.5.jar:/Users/sergiovinicio/.m2/repository/org/glassfish/jaxb/jaxb-core/4.0.5/jaxb-core-4.0.5.jar:/Users/sergiovinicio/.m2/repository/org/eclipse/angus/angus-activation/2.0.2/angus-activation-2.0.2.jar:/Users/sergiovinicio/.m2/repository/org/glassfish/jaxb/txw2/4.0.5/txw2-4.0.5.jar:/Users/sergiovinicio/.m2/repository/com/sun/istack/istack-commons-runtime/4.1.2/istack-commons-runtime-4.1.2.jar:/Users/sergiovinicio/.m2/repository/jakarta/inject/jakarta.inject-api/2.0.1/jakarta.inject-api-2.0.1.jar:/Users/sergiovinicio/.m2/repository/org/antlr/antlr4-runtime/4.13.0/antlr4-runtime-4.13.0.jar:/Users/sergiovinicio/.m2/repository/org/springframework/data/spring-data-jpa/3.5.4/spring-data-jpa-3.5.4.jar:/Users/sergiovinicio/.m2/repository/org/springframework/data/spring-data-commons/3.5.4/spring-data-commons-3.5.4.jar:/Users/sergiovinicio/.m2/repository/org/springframework/spring-orm/6.2.11/spring-orm-6.2.11.jar:/Users/sergiovinicio/.m2/repository/org/springframework/spring-context/6.2.11/spring-context-6.2.11.jar:/Users/sergiovinicio/.m2/repository/org/springframework/spring-tx/6.2.11/spring-tx-6.2.11.jar:/Users/sergiovinicio/.m2/repository/org/springframework/spring-beans/6.2.11/spring-beans-6.2.11.jar:/Users/sergiovinicio/.m2/repository/org/slf4j/slf4j-api/2.0.17/slf4j-api-2.0.17.jar:/Users/sergiovinicio/.m2/repository/org/springframework/spring-aspects/6.2.11/spring-aspects-6.2.11.jar:/Users/sergiovinicio/.m2/repository/org/aspectj/aspectjweaver/1.9.24/aspectjweaver-1.9.24.jar:/Users/sergiovinicio/.m2/repository/org/springframework/boot/spring-boot-starter-thymeleaf/3.5.6/spring-boot-starter-thymeleaf-3.5.6.jar:/Users/sergiovinicio/.m2/repository/org/thymeleaf/thymeleaf-spring6/3.1.3.RELEASE/thymeleaf-spring6-3.1.3.RELEASE.jar:/Users/sergiovinicio/.m2/repository/org/thymeleaf/thymeleaf/3.1.3.RELEASE/thymeleaf-3.1.3.RELEASE.jar:/Users/sergiovinicio/.m2/repository/org/attoparser/attoparser/2.0.7.RELEASE/attoparser-2.0.7.RELEASE.jar:/Users/sergiovinicio/.m2/repository/org/unbescape/unbescape/1.1.6.RELEASE/unbescape-1.1.6.RELEASE.jar:/Users/sergiovinicio/.m2/repository/org/springframework/boot/spring-boot-starter-web/3.5.6/spring-boot-starter-web-3.5.6.jar:/Users/sergiovinicio/.m2/repository/org/springframework/boot/spring-boot-starter-json/3.5.6/spring-boot-starter-json-3.5.6.jar:/Users/sergiovinicio/.m2/repository/com/fasterxml/jackson/datatype/jackson-datatype-jdk8/2.19.2/jackson-datatype-jdk8-2.19.2.jar:/Users/sergiovinicio/.m2/repository/com/fasterxml/jackson/module/jackson-module-parameter-names/2.19.2/jackson-module-parameter-names-2.19.2.jar:/Users/sergiovinicio/.m2/repository/org/springframework/boot/spring-boot-starter-tomcat/3.5.6/spring-boot-starter-tomcat-3.5.6.jar:/Users/sergiovinicio/.m2/repository/org/apache/tomcat/embed/tomcat-embed-core/10.1.46/tomcat-embed-core-10.1.46.jar:/Users/sergiovinicio/.m2/repository/org/apache/tomcat/embed/tomcat-embed-websocket/10.1.46/tomcat-embed-websocket-10.1.46.jar:/Users/sergiovinicio/.m2/repository/org/springframework/spring-web/6.2.11/spring-web-6.2.11.jar:/Users/sergiovinicio/.m2/repository/org/springframework/spring-webmvc/6.2.11/spring-webmvc-6.2.11.jar:/Users/sergiovinicio/.m2/repository/org/springframework/spring-expression/6.2.11/spring-expression-6.2.11.jar:/Users/sergiovinicio/.m2/repository/org/postgresql/postgresql/42.7.7/postgresql-42.7.7.jar:/Users/sergiovinicio/.m2/repository/org/checkerframework/checker-qual/3.49.3/checker-qual-3.49.3.jar:/Users/sergiovinicio/.m2/repository/jakarta/xml/bind/jakarta.xml.bind-api/4.0.2/jakarta.xml.bind-api-4.0.2.jar:/Users/sergiovinicio/.m2/repository/jakarta/activation/jakarta.activation-api/2.1.4/jakarta.activation-api-2.1.4.jar:/Users/sergiovinicio/.m2/repository/org/springframework/spring-core/6.2.11/spring-core-6.2.11.jar:/Users/sergiovinicio/.m2/repository/org/springframework/spring-jcl/6.2.11/spring-jcl-6.2.11.jar:/Users/sergiovinicio/.m2/repository/org/springframework/boot/spring-boot-starter-security/3.5.6/spring-boot-starter-security-3.5.6.jar:/Users/sergiovinicio/.m2/repository/org/springframework/spring-aop/6.2.11/spring-aop-6.2.11.jar:/Users/sergiovinicio/.m2/repository/org/springframework/security/spring-security-config/6.5.5/spring-security-config-6.5.5.jar:/Users/sergiovinicio/.m2/repository/org/springframework/security/spring-security-core/6.5.5/spring-security-core-6.5.5.jar:/Users/sergiovinicio/.m2/repository/org/springframework/security/spring-security-crypto/6.5.5/spring-security-crypto-6.5.5.jar:/Users/sergiovinicio/.m2/repository/org/springframework/security/spring-security-web/6.5.5/spring-security-web-6.5.5.jar:/Users/sergiovinicio/.m2/repository/org/springframework/boot/spring-boot-starter-validation/3.5.6/spring-boot-starter-validation-3.5.6.jar:/Users/sergiovinicio/.m2/repository/org/apache/tomcat/embed/tomcat-embed-el/10.1.46/tomcat-embed-el-10.1.46.jar:/Users/sergiovinicio/.m2/repository/org/hibernate/validator/hibernate-validator/8.0.3.Final/hibernate-validator-8.0.3.Final.jar:/Users/sergiovinicio/.m2/repository/jakarta/validation/jakarta.validation-api/3.0.2/jakarta.validation-api-3.0.2.jar --no-fallback -o /Users/sergiovinicio/Documents/GitHub/Mini-ERP/target/Mini-ERP -H:ConfigurationFileDirectories=/Users/sergiovinicio/Documents/GitHub/Mini-ERP/target/graalvm-reachability-metadata/6e21abac8db43a6d406e17303133b48f4c3a876d/org.jboss.logging/jboss-logging/3.5.0.Final,/Users/sergiovinicio/Documents/GitHub/Mini-ERP/target/graalvm-reachability-metadata/6e21abac8db43a6d406e17303133b48f4c3a876d/org.apache.tomcat.embed/tomcat-embed-core/10.0.20,/Users/sergiovinicio/Documents/GitHub/Mini-ERP/target/graalvm-reachability-metadata/6e21abac8db43a6d406e17303133b48f4c3a876d/org.hibernate.orm/hibernate-core/6.6.0.Final,/Users/sergiovinicio/Documents/GitHub/Mini-ERP/target/graalvm-reachability-metadata/6e21abac8db43a6d406e17303133b48f4c3a876d/org.thymeleaf/thymeleaf/3.1.0.RC1,/Users/sergiovinicio/Documents/GitHub/Mini-ERP/target/graalvm-reachability-metadata/6e21abac8db43a6d406e17303133b48f4c3a876d/ch.qos.logback/logback-classic/1.4.9,/Users/sergiovinicio/Documents/GitHub/Mini-ERP/target/graalvm-reachability-metadata/6e21abac8db43a6d406e17303133b48f4c3a876d/com.fasterxml.jackson.core/jackson-databind/2.15.2,/Users/sergiovinicio/Documents/GitHub/Mini-ERP/target/graalvm-reachability-metadata/6e21abac8db43a6d406e17303133b48f4c3a876d/com.zaxxer/HikariCP/5.0.1,/Users/sergiovinicio/Documents/GitHub/Mini-ERP/target/graalvm-reachability-metadata/6e21abac8db43a6d406e17303133b48f4c3a876d/org.hibernate.validator/hibernate-validator/7.0.4.Final,/Users/sergiovinicio/Documents/GitHub/Mini-ERP/target/graalvm-reachability-metadata/6e21abac8db43a6d406e17303133b48f4c3a876d/org.glassfish.jaxb/jaxb-runtime/3.0.2,/Users/sergiovinicio/Documents/GitHub/Mini-ERP/target/graalvm-reachability-metadata/6e21abac8db43a6d406e17303133b48f4c3a876d/org.thymeleaf/thymeleaf-spring6/3.1.0.M2,/Users/sergiovinicio/Documents/GitHub/Mini-ERP/target/graalvm-reachability-metadata/6e21abac8db43a6d406e17303133b48f4c3a876d/org.hdrhistogram/HdrHistogram/2.1.12,/Users/sergiovinicio/Documents/GitHub/Mini-ERP/target/graalvm-reachability-metadata/6e21abac8db43a6d406e17303133b48f4c3a876d/org.postgresql/postgresql/42.7.3,/Users/sergiovinicio/Documents/GitHub/Mini-ERP/target/graalvm-reachability-metadata/6e21abac8db43a6d406e17303133b48f4c3a876d/org.jboss.logging/jboss-logging/3.5.0.Final,/Users/sergiovinicio/Documents/GitHub/Mini-ERP/target/graalvm-reachability-metadata/6e21abac8db43a6d406e17303133b48f4c3a876d/org.apache.tomcat.embed/tomcat-embed-core/10.0.20,/Users/sergiovinicio/Documents/GitHub/Mini-ERP/target/graalvm-reachability-metadata/6e21abac8db43a6d406e17303133b48f4c3a876d/org.hibernate.orm/hibernate-core/6.6.0.Final,/Users/sergiovinicio/Documents/GitHub/Mini-ERP/target/graalvm-reachability-metadata/6e21abac8db43a6d406e17303133b48f4c3a876d/org.thymeleaf/thymeleaf/3.1.0.RC1,/Users/sergiovinicio/Documents/GitHub/Mini-ERP/target/graalvm-reachability-metadata/6e21abac8db43a6d406e17303133b48f4c3a876d/ch.qos.logback/logback-classic/1.4.9,/Users/sergiovinicio/Documents/GitHub/Mini-ERP/target/graalvm-reachability-metadata/6e21abac8db43a6d406e17303133b48f4c3a876d/com.fasterxml.jackson.core/jackson-databind/2.15.2,/Users/sergiovinicio/Documents/GitHub/Mini-ERP/target/graalvm-reachability-metadata/6e21abac8db43a6d406e17303133b48f4c3a876d/com.zaxxer/HikariCP/5.0.1,/Users/sergiovinicio/Documents/GitHub/Mini-ERP/target/graalvm-reachability-metadata/6e21abac8db43a6d406e17303133b48f4c3a876d/org.hibernate.validator/hibernate-validator/7.0.4.Final,/Users/sergiovinicio/Documents/GitHub/Mini-ERP/target/graalvm-reachability-metadata/6e21abac8db43a6d406e17303133b48f4c3a876d/org.glassfish.jaxb/jaxb-runtime/3.0.2,/Users/sergiovinicio/Documents/GitHub/Mini-ERP/target/graalvm-reachability-metadata/6e21abac8db43a6d406e17303133b48f4c3a876d/org.thymeleaf/thymeleaf-spring6/3.1.0.M2,/Users/sergiovinicio/Documents/GitHub/Mini-ERP/target/graalvm-reachability-metadata/6e21abac8db43a6d406e17303133b48f4c3a876d/org.hdrhistogram/HdrHistogram/2.1.12,/Users/sergiovinicio/Documents/GitHub/Mini-ERP/target/graalvm-reachability-metadata/6e21abac8db43a6d406e17303133b48f4c3a876d/org.postgresql/postgresql/42.7.3
Warning: The option '-H:ServiceLoaderFeatureExcludeServices=org.hibernate.bytecode.spi.BytecodeProvider' is experimental and must be enabled via '-H:+UnlockExperimentalVMOptions' in the future.
Warning: Please re-evaluate whether any experimental option is required, and either remove or unlock it. The build output lists all active experimental options, including where they come from and possible alternatives. If you think an experimental option should be considered as stable, please file an issue.
Error: Please specify class (or <module>/<mainclass>) containing the main entry point method. (see --help)
[INFO] ------------------------------------------------------------------------
[INFO] BUILD FAILURE
[INFO] ------------------------------------------------------------------------
[INFO] Total time:  7.181 s
[INFO] Finished at: 2026-06-09T22:08:47+01:00
[INFO] ------------------------------------------------------------------------
[ERROR] Failed to execute goal org.graalvm.buildtools:native-maven-plugin:0.10.6:compile (default-cli) on project Mini-ERP: Execution of /Library/Java/JavaVirtualMachines/graalvm-jdk-25.0.3+9.1/Contents/Home/bin/native-image -cp /Users/sergiovinicio/Documents/GitHub/Mini-ERP/target/classes:/Users/sergiovinicio/.m2/repository/org/springframework/boot/spring-boot-starter-actuator/3.5.6/spring-boot-starter-actuator-3.5.6.jar:/Users/sergiovinicio/.m2/repository/org/springframework/boot/spring-boot-starter/3.5.6/spring-boot-starter-3.5.6.jar:/Users/sergiovinicio/.m2/repository/org/springframework/boot/spring-boot/3.5.6/spring-boot-3.5.6.jar:/Users/sergiovinicio/.m2/repository/org/springframework/boot/spring-boot-autoconfigure/3.5.6/spring-boot-autoconfigure-3.5.6.jar:/Users/sergiovinicio/.m2/repository/org/springframework/boot/spring-boot-starter-logging/3.5.6/spring-boot-starter-logging-3.5.6.jar:/Users/sergiovinicio/.m2/repository/ch/qos/logback/logback-classic/1.5.18/logback-classic-1.5.18.jar:/Users/sergiovinicio/.m2/repository/ch/qos/logback/logback-core/1.5.18/logback-core-1.5.18.jar:/Users/sergiovinicio/.m2/repository/org/apache/logging/log4j/log4j-to-slf4j/2.24.3/log4j-to-slf4j-2.24.3.jar:/Users/sergiovinicio/.m2/repository/org/apache/logging/log4j/log4j-api/2.24.3/log4j-api-2.24.3.jar:/Users/sergiovinicio/.m2/repository/org/slf4j/jul-to-slf4j/2.0.17/jul-to-slf4j-2.0.17.jar:/Users/sergiovinicio/.m2/repository/jakarta/annotation/jakarta.annotation-api/2.1.1/jakarta.annotation-api-2.1.1.jar:/Users/sergiovinicio/.m2/repository/org/yaml/snakeyaml/2.4/snakeyaml-2.4.jar:/Users/sergiovinicio/.m2/repository/org/springframework/boot/spring-boot-actuator-autoconfigure/3.5.6/spring-boot-actuator-autoconfigure-3.5.6.jar:/Users/sergiovinicio/.m2/repository/org/springframework/boot/spring-boot-actuator/3.5.6/spring-boot-actuator-3.5.6.jar:/Users/sergiovinicio/.m2/repository/com/fasterxml/jackson/core/jackson-databind/2.19.2/jackson-databind-2.19.2.jar:/Users/sergiovinicio/.m2/repository/com/fasterxml/jackson/core/jackson-annotations/2.19.2/jackson-annotations-2.19.2.jar:/Users/sergiovinicio/.m2/repository/com/fasterxml/jackson/core/jackson-core/2.19.2/jackson-core-2.19.2.jar:/Users/sergiovinicio/.m2/repository/com/fasterxml/jackson/datatype/jackson-datatype-jsr310/2.19.2/jackson-datatype-jsr310-2.19.2.jar:/Users/sergiovinicio/.m2/repository/io/micrometer/micrometer-observation/1.15.4/micrometer-observation-1.15.4.jar:/Users/sergiovinicio/.m2/repository/io/micrometer/micrometer-commons/1.15.4/micrometer-commons-1.15.4.jar:/Users/sergiovinicio/.m2/repository/io/micrometer/micrometer-jakarta9/1.15.4/micrometer-jakarta9-1.15.4.jar:/Users/sergiovinicio/.m2/repository/io/micrometer/micrometer-core/1.15.4/micrometer-core-1.15.4.jar:/Users/sergiovinicio/.m2/repository/org/hdrhistogram/HdrHistogram/2.2.2/HdrHistogram-2.2.2.jar:/Users/sergiovinicio/.m2/repository/org/latencyutils/LatencyUtils/2.0.3/LatencyUtils-2.0.3.jar:/Users/sergiovinicio/.m2/repository/org/springframework/boot/spring-boot-starter-data-jpa/3.5.6/spring-boot-starter-data-jpa-3.5.6.jar:/Users/sergiovinicio/.m2/repository/org/springframework/boot/spring-boot-starter-jdbc/3.5.6/spring-boot-starter-jdbc-3.5.6.jar:/Users/sergiovinicio/.m2/repository/com/zaxxer/HikariCP/6.3.3/HikariCP-6.3.3.jar:/Users/sergiovinicio/.m2/repository/org/springframework/spring-jdbc/6.2.11/spring-jdbc-6.2.11.jar:/Users/sergiovinicio/.m2/repository/org/hibernate/orm/hibernate-core/6.6.29.Final/hibernate-core-6.6.29.Final.jar:/Users/sergiovinicio/.m2/repository/jakarta/persistence/jakarta.persistence-api/3.1.0/jakarta.persistence-api-3.1.0.jar:/Users/sergiovinicio/.m2/repository/jakarta/transaction/jakarta.transaction-api/2.0.1/jakarta.transaction-api-2.0.1.jar:/Users/sergiovinicio/.m2/repository/org/jboss/logging/jboss-logging/3.6.1.Final/jboss-logging-3.6.1.Final.jar:/Users/sergiovinicio/.m2/repository/org/hibernate/common/hibernate-commons-annotations/7.0.3.Final/hibernate-commons-annotations-7.0.3.Final.jar:/Users/sergiovinicio/.m2/repository/io/smallrye/jandex/3.2.0/jandex-3.2.0.jar:/Users/sergiovinicio/.m2/repository/com/fasterxml/classmate/1.7.0/classmate-1.7.0.jar:/Users/sergiovinicio/.m2/repository/net/bytebuddy/byte-buddy/1.17.7/byte-buddy-1.17.7.jar:/Users/sergiovinicio/.m2/repository/org/glassfish/jaxb/jaxb-runtime/4.0.5/jaxb-runtime-4.0.5.jar:/Users/sergiovinicio/.m2/repository/org/glassfish/jaxb/jaxb-core/4.0.5/jaxb-core-4.0.5.jar:/Users/sergiovinicio/.m2/repository/org/eclipse/angus/angus-activation/2.0.2/angus-activation-2.0.2.jar:/Users/sergiovinicio/.m2/repository/org/glassfish/jaxb/txw2/4.0.5/txw2-4.0.5.jar:/Users/sergiovinicio/.m2/repository/com/sun/istack/istack-commons-runtime/4.1.2/istack-commons-runtime-4.1.2.jar:/Users/sergiovinicio/.m2/repository/jakarta/inject/jakarta.inject-api/2.0.1/jakarta.inject-api-2.0.1.jar:/Users/sergiovinicio/.m2/repository/org/antlr/antlr4-runtime/4.13.0/antlr4-runtime-4.13.0.jar:/Users/sergiovinicio/.m2/repository/org/springframework/data/spring-data-jpa/3.5.4/spring-data-jpa-3.5.4.jar:/Users/sergiovinicio/.m2/repository/org/springframework/data/spring-data-commons/3.5.4/spring-data-commons-3.5.4.jar:/Users/sergiovinicio/.m2/repository/org/springframework/spring-orm/6.2.11/spring-orm-6.2.11.jar:/Users/sergiovinicio/.m2/repository/org/springframework/spring-context/6.2.11/spring-context-6.2.11.jar:/Users/sergiovinicio/.m2/repository/org/springframework/spring-tx/6.2.11/spring-tx-6.2.11.jar:/Users/sergiovinicio/.m2/repository/org/springframework/spring-beans/6.2.11/spring-beans-6.2.11.jar:/Users/sergiovinicio/.m2/repository/org/slf4j/slf4j-api/2.0.17/slf4j-api-2.0.17.jar:/Users/sergiovinicio/.m2/repository/org/springframework/spring-aspects/6.2.11/spring-aspects-6.2.11.jar:/Users/sergiovinicio/.m2/repository/org/aspectj/aspectjweaver/1.9.24/aspectjweaver-1.9.24.jar:/Users/sergiovinicio/.m2/repository/org/springframework/boot/spring-boot-starter-thymeleaf/3.5.6/spring-boot-starter-thymeleaf-3.5.6.jar:/Users/sergiovinicio/.m2/repository/org/thymeleaf/thymeleaf-spring6/3.1.3.RELEASE/thymeleaf-spring6-3.1.3.RELEASE.jar:/Users/sergiovinicio/.m2/repository/org/thymeleaf/thymeleaf/3.1.3.RELEASE/thymeleaf-3.1.3.RELEASE.jar:/Users/sergiovinicio/.m2/repository/org/attoparser/attoparser/2.0.7.RELEASE/attoparser-2.0.7.RELEASE.jar:/Users/sergiovinicio/.m2/repository/org/unbescape/unbescape/1.1.6.RELEASE/unbescape-1.1.6.RELEASE.jar:/Users/sergiovinicio/.m2/repository/org/springframework/boot/spring-boot-starter-web/3.5.6/spring-boot-starter-web-3.5.6.jar:/Users/sergiovinicio/.m2/repository/org/springframework/boot/spring-boot-starter-json/3.5.6/spring-boot-starter-json-3.5.6.jar:/Users/sergiovinicio/.m2/repository/com/fasterxml/jackson/datatype/jackson-datatype-jdk8/2.19.2/jackson-datatype-jdk8-2.19.2.jar:/Users/sergiovinicio/.m2/repository/com/fasterxml/jackson/module/jackson-module-parameter-names/2.19.2/jackson-module-parameter-names-2.19.2.jar:/Users/sergiovinicio/.m2/repository/org/springframework/boot/spring-boot-starter-tomcat/3.5.6/spring-boot-starter-tomcat-3.5.6.jar:/Users/sergiovinicio/.m2/repository/org/apache/tomcat/embed/tomcat-embed-core/10.1.46/tomcat-embed-core-10.1.46.jar:/Users/sergiovinicio/.m2/repository/org/apache/tomcat/embed/tomcat-embed-websocket/10.1.46/tomcat-embed-websocket-10.1.46.jar:/Users/sergiovinicio/.m2/repository/org/springframework/spring-web/6.2.11/spring-web-6.2.11.jar:/Users/sergiovinicio/.m2/repository/org/springframework/spring-webmvc/6.2.11/spring-webmvc-6.2.11.jar:/Users/sergiovinicio/.m2/repository/org/springframework/spring-expression/6.2.11/spring-expression-6.2.11.jar:/Users/sergiovinicio/.m2/repository/org/postgresql/postgresql/42.7.7/postgresql-42.7.7.jar:/Users/sergiovinicio/.m2/repository/org/checkerframework/checker-qual/3.49.3/checker-qual-3.49.3.jar:/Users/sergiovinicio/.m2/repository/jakarta/xml/bind/jakarta.xml.bind-api/4.0.2/jakarta.xml.bind-api-4.0.2.jar:/Users/sergiovinicio/.m2/repository/jakarta/activation/jakarta.activation-api/2.1.4/jakarta.activation-api-2.1.4.jar:/Users/sergiovinicio/.m2/repository/org/springframework/spring-core/6.2.11/spring-core-6.2.11.jar:/Users/sergiovinicio/.m2/repository/org/springframework/spring-jcl/6.2.11/spring-jcl-6.2.11.jar:/Users/sergiovinicio/.m2/repository/org/springframework/boot/spring-boot-starter-security/3.5.6/spring-boot-starter-security-3.5.6.jar:/Users/sergiovinicio/.m2/repository/org/springframework/spring-aop/6.2.11/spring-aop-6.2.11.jar:/Users/sergiovinicio/.m2/repository/org/springframework/security/spring-security-config/6.5.5/spring-security-config-6.5.5.jar:/Users/sergiovinicio/.m2/repository/org/springframework/security/spring-security-core/6.5.5/spring-security-core-6.5.5.jar:/Users/sergiovinicio/.m2/repository/org/springframework/security/spring-security-crypto/6.5.5/spring-security-crypto-6.5.5.jar:/Users/sergiovinicio/.m2/repository/org/springframework/security/spring-security-web/6.5.5/spring-security-web-6.5.5.jar:/Users/sergiovinicio/.m2/repository/org/springframework/boot/spring-boot-starter-validation/3.5.6/spring-boot-starter-validation-3.5.6.jar:/Users/sergiovinicio/.m2/repository/org/apache/tomcat/embed/tomcat-embed-el/10.1.46/tomcat-embed-el-10.1.46.jar:/Users/sergiovinicio/.m2/repository/org/hibernate/validator/hibernate-validator/8.0.3.Final/hibernate-validator-8.0.3.Final.jar:/Users/sergiovinicio/.m2/repository/jakarta/validation/jakarta.validation-api/3.0.2/jakarta.validation-api-3.0.2.jar --no-fallback -o /Users/sergiovinicio/Documents/GitHub/Mini-ERP/target/Mini-ERP -H:ConfigurationFileDirectories=/Users/sergiovinicio/Documents/GitHub/Mini-ERP/target/graalvm-reachability-metadata/6e21abac8db43a6d406e17303133b48f4c3a876d/org.jboss.logging/jboss-logging/3.5.0.Final,/Users/sergiovinicio/Documents/GitHub/Mini-ERP/target/graalvm-reachability-metadata/6e21abac8db43a6d406e17303133b48f4c3a876d/org.apache.tomcat.embed/tomcat-embed-core/10.0.20,/Users/sergiovinicio/Documents/GitHub/Mini-ERP/target/graalvm-reachability-metadata/6e21abac8db43a6d406e17303133b48f4c3a876d/org.hibernate.orm/hibernate-core/6.6.0.Final,/Users/sergiovinicio/Documents/GitHub/Mini-ERP/target/graalvm-reachability-metadata/6e21abac8db43a6d406e17303133b48f4c3a876d/org.thymeleaf/thymeleaf/3.1.0.RC1,/Users/sergiovinicio/Documents/GitHub/Mini-ERP/target/graalvm-reachability-metadata/6e21abac8db43a6d406e17303133b48f4c3a876d/ch.qos.logback/logback-classic/1.4.9,/Users/sergiovinicio/Documents/GitHub/Mini-ERP/target/graalvm-reachability-metadata/6e21abac8db43a6d406e17303133b48f4c3a876d/com.fasterxml.jackson.core/jackson-databind/2.15.2,/Users/sergiovinicio/Documents/GitHub/Mini-ERP/target/graalvm-reachability-metadata/6e21abac8db43a6d406e17303133b48f4c3a876d/com.zaxxer/HikariCP/5.0.1,/Users/sergiovinicio/Documents/GitHub/Mini-ERP/target/graalvm-reachability-metadata/6e21abac8db43a6d406e17303133b48f4c3a876d/org.hibernate.validator/hibernate-validator/7.0.4.Final,/Users/sergiovinicio/Documents/GitHub/Mini-ERP/target/graalvm-reachability-metadata/6e21abac8db43a6d406e17303133b48f4c3a876d/org.glassfish.jaxb/jaxb-runtime/3.0.2,/Users/sergiovinicio/Documents/GitHub/Mini-ERP/target/graalvm-reachability-metadata/6e21abac8db43a6d406e17303133b48f4c3a876d/org.thymeleaf/thymeleaf-spring6/3.1.0.M2,/Users/sergiovinicio/Documents/GitHub/Mini-ERP/target/graalvm-reachability-metadata/6e21abac8db43a6d406e17303133b48f4c3a876d/org.hdrhistogram/HdrHistogram/2.1.12,/Users/sergiovinicio/Documents/GitHub/Mini-ERP/target/graalvm-reachability-metadata/6e21abac8db43a6d406e17303133b48f4c3a876d/org.postgresql/postgresql/42.7.3,/Users/sergiovinicio/Documents/GitHub/Mini-ERP/target/graalvm-reachability-metadata/6e21abac8db43a6d406e17303133b48f4c3a876d/org.jboss.logging/jboss-logging/3.5.0.Final,/Users/sergiovinicio/Documents/GitHub/Mini-ERP/target/graalvm-reachability-metadata/6e21abac8db43a6d406e17303133b48f4c3a876d/org.apache.tomcat.embed/tomcat-embed-core/10.0.20,/Users/sergiovinicio/Documents/GitHub/Mini-ERP/target/graalvm-reachability-metadata/6e21abac8db43a6d406e17303133b48f4c3a876d/org.hibernate.orm/hibernate-core/6.6.0.Final,/Users/sergiovinicio/Documents/GitHub/Mini-ERP/target/graalvm-reachability-metadata/6e21abac8db43a6d406e17303133b48f4c3a876d/org.thymeleaf/thymeleaf/3.1.0.RC1,/Users/sergiovinicio/Documents/GitHub/Mini-ERP/target/graalvm-reachability-metadata/6e21abac8db43a6d406e17303133b48f4c3a876d/ch.qos.logback/logback-classic/1.4.9,/Users/sergiovinicio/Documents/GitHub/Mini-ERP/target/graalvm-reachability-metadata/6e21abac8db43a6d406e17303133b48f4c3a876d/com.fasterxml.jackson.core/jackson-databind/2.15.2,/Users/sergiovinicio/Documents/GitHub/Mini-ERP/target/graalvm-reachability-metadata/6e21abac8db43a6d406e17303133b48f4c3a876d/com.zaxxer/HikariCP/5.0.1,/Users/sergiovinicio/Documents/GitHub/Mini-ERP/target/graalvm-reachability-metadata/6e21abac8db43a6d406e17303133b48f4c3a876d/org.hibernate.validator/hibernate-validator/7.0.4.Final,/Users/sergiovinicio/Documents/GitHub/Mini-ERP/target/graalvm-reachability-metadata/6e21abac8db43a6d406e17303133b48f4c3a876d/org.glassfish.jaxb/jaxb-runtime/3.0.2,/Users/sergiovinicio/Documents/GitHub/Mini-ERP/target/graalvm-reachability-metadata/6e21abac8db43a6d406e17303133b48f4c3a876d/org.thymeleaf/thymeleaf-spring6/3.1.0.M2,/Users/sergiovinicio/Documents/GitHub/Mini-ERP/target/graalvm-reachability-metadata/6e21abac8db43a6d406e17303133b48f4c3a876d/org.hdrhistogram/HdrHistogram/2.1.12,/Users/sergiovinicio/Documents/GitHub/Mini-ERP/target/graalvm-reachability-metadata/6e21abac8db43a6d406e17303133b48f4c3a876d/org.postgresql/postgresql/42.7.3 returned non-zero result -> [Help 1]
[ERROR] 
[ERROR] To see the full stack trace of the errors, re-run Maven with the -e switch.
[ERROR] Re-run Maven using the -X switch to enable full debug logging.
[ERROR] 
[ERROR] For more information about the errors and possible solutions, please read the following articles:
[ERROR] [Help 1] http://cwiki.apache.org/confluence/display/MAVEN/MojoExecutionException
